INFO: [VRFC 10-2263] Analyzing SystemVerilog file "D:/tiny_riscv/core/vivado/mc_lw_tb/mc_lw_tb.srcs/sources_1/imports/multicycle/rtl/hardware_module/alu.sv" into library xil_defaultlib
INFO: [VRFC 10-311] analyzing module ALU
INFO: [VRFC 10-2263] Analyzing SystemVerilog file "D:/tiny_riscv/core/vivado/mc_lw_tb/mc_lw_tb.srcs/sources_1/imports/multicycle/rtl/hardware_module/alu_decoder.sv" into library xil_defaultlib
INFO: [VRFC 10-311] analyzing module alu_decoder
INFO: [VRFC 10-2263] Analyzing SystemVerilog file "D:/tiny_riscv/core/vivado/mc_lw_tb/mc_lw_tb.srcs/sources_1/imports/multicycle/rtl/hardware_module/ff_en.sv" into library xil_defaultlib
INFO: [VRFC 10-311] analyzing module ff_en
INFO: [VRFC 10-2263] Analyzing SystemVerilog file "D:/tiny_riscv/core/vivado/mc_lw_tb/mc_lw_tb.srcs/sources_1/imports/multicycle/rtl/hardware_module/imm_extend.sv" into library xil_defaultlib
INFO: [VRFC 10-311] analyzing module imm_extend
INFO: [VRFC 10-2263] Analyzing SystemVerilog file "D:/tiny_riscv/core/vivado/mc_lw_tb/mc_lw_tb.srcs/sources_1/imports/multicycle/rtl/hardware_module/instr_decoder.sv" into library xil_defaultlib
INFO: [VRFC 10-311] analyzing module instr_decoder
INFO: [VRFC 10-2263] Analyzing SystemVerilog file "D:/tiny_riscv/core/vivado/mc_lw_tb/mc_lw_tb.srcs/sources_1/imports/multicycle/rtl/hardware_module/main_control_fsm.sv" into library xil_defaultlib
INFO: [VRFC 10-311] analyzing module main_FSM
INFO: [VRFC 10-2263] Analyzing SystemVerilog file "D:/tiny_riscv/core/vivado/mc_lw_tb/mc_lw_tb.srcs/sources_1/imports/multicycle/rtl/hardware_module/main_control_unit.sv" into library xil_defaultlib
INFO: [VRFC 10-311] analyzing module main_control_unit
INFO: [VRFC 10-2263] Analyzing SystemVerilog file "D:/tiny_riscv/core/vivado/mc_lw_tb/mc_lw_tb.srcs/sources_1/imports/multicycle/rtl/hardware_module/mem.sv" into library xil_defaultlib
INFO: [VRFC 10-311] analyzing module system_mem
INFO: [VRFC 10-2263] Analyzing SystemVerilog file "D:/tiny_riscv/core/vivado/mc_lw_tb/mc_lw_tb.srcs/sources_1/imports/multicycle/rtl/multi_cycle.sv" into library xil_defaultlib
INFO: [VRFC 10-311] analyzing module multi_cycle
INFO: [VRFC 10-2263] Analyzing SystemVerilog file "D:/tiny_riscv/core/vivado/mc_lw_tb/mc_lw_tb.srcs/sources_1/imports/multicycle/rtl/hardware_module/reg_file.sv" into library xil_defaultlib
INFO: [VRFC 10-311] analyzing module register_file
INFO: [VRFC 10-2263] Analyzing SystemVerilog file "D:/tiny_riscv/core/vivado/mc_lw_tb/mc_lw_tb.srcs/sources_1/imports/multicycle/testbench/lw_tb.sv" into library xil_defaultlib
INFO: [VRFC 10-311] analyzing module lw_tb
